// Jest Snapshot v1, https://goo.gl/fbAQLP

exports[`Email render 1`] = `
<div
  className="info-item"
>
  <div
    className="info info-text"
  >
    infoText
  </div>
  <a
    href="mailto:email@email.email"
  >
    email@email.email
  </a>
</div>
`;
