// Jest Snapshot v1, https://goo.gl/fbAQLP

exports[`InfoItem render 1`] = `
<div
  className="info-item"
>
  <div
    className="info info-text"
  >
    infoText
  </div>
  <div
    className="info"
  >
    info
  </div>
</div>
`;
